<custom-tag-name align="CENTER"></custom-tag-name>
