digraph
{
    node1 [ label = <<table></table>> ]
}
