<font color="blue" face="Arial" point-size="20"><o><sub>text</sub></o></font>
