<font color="blue" face="Arial" point-size="20">text</font>
