<font color="blue" face="Arial" point-size="20"><b><i>text</i></b></font>
