digraph
{
    { rank = max  "node" [ comment = comment ]  "node" -> "node" [ dir = back ] }
}
