digraph
{
    subgraph
    {
    }

    a -> subgraph { b c }
}
