Indentation
CommentStart
Space
CommentText
LineBreak
Indentation
CommentStart
Space
CommentText
LineBreak
Indentation
Keyword
Space
Identifier
LineBreak
Indentation
BlockStart
LineBreak
Indentation
BlockCommentStart
Space
BlockCommentText
LineBreak
Indentation
Space
BlockCommentText
Space
BlockCommentEnd
LineBreak
LineBreak
Indentation
CommentStart
Space
CommentText
LineBreak
Indentation
Identifier
Space
ValueAssignmentOperator
Space
Value
LineBreak
LineBreak
Indentation
CommentStart
Space
CommentText
LineBreak
Indentation
Identifier
Space
ValueAssignmentOperator
Space
QuotationStart
Value
QuotationEnd
LineBreak
LineBreak
Indentation
CommentStart
Space
CommentText
LineBreak
Indentation
Keyword
LineBreak
Indentation
AttributeListStart
LineBreak
Indentation
Identifier
Space
ValueAssignmentOperator
Space
Value
AttributeSeparator
LineBreak
Indentation
Identifier
Space
ValueAssignmentOperator
Space
Value
LineBreak
Indentation
AttributeListEnd
LineBreak
LineBreak
Indentation
CommentStart
Space
CommentText
LineBreak
Indentation
Keyword
LineBreak
Indentation
AttributeListStart
LineBreak
Indentation
Identifier
Space
ValueAssignmentOperator
Space
Value
LineBreak
Indentation
AttributeListEnd
LineBreak
LineBreak
Indentation
BlockCommentStart
Space
BlockCommentText
Space
BlockCommentEnd
LineBreak
LineBreak
Indentation
CommentStart
Space
CommentText
LineBreak
Indentation
Identifier
LineBreak
Indentation
AttributeListStart
LineBreak
Indentation
BlockCommentStart
Space
BlockCommentText
Space
BlockCommentEnd
LineBreak
LineBreak
Indentation
BlockCommentStart
Space
BlockCommentText
Space
BlockCommentEnd
LineBreak
Indentation
Identifier
Space
ValueAssignmentOperator
Space
Value
LineBreak
Indentation
AttributeListEnd
LineBreak
LineBreak
Indentation
CommentStart
Space
CommentText
LineBreak
Indentation
Identifier
NodeSeparator
Space
Identifier
NodeSeparator
Space
Identifier
LineBreak
Indentation
AttributeListStart
LineBreak
Indentation
BlockCommentStart
Space
BlockCommentText
Space
BlockCommentEnd
LineBreak
LineBreak
Indentation
BlockCommentStart
Space
BlockCommentText
Space
BlockCommentEnd
LineBreak
Indentation
Identifier
Space
ValueAssignmentOperator
Space
Value
LineBreak
Indentation
AttributeListEnd
LineBreak
LineBreak
Indentation
BlockCommentStart
Space
BlockCommentText
Space
BlockCommentEnd
LineBreak
LineBreak
Indentation
CommentStart
Space
CommentText
LineBreak
Indentation
BlockCommentStart
Space
BlockCommentText
Space
BlockCommentEnd
Space
Identifier
Space
DirectedEdge
Space
BlockCommentStart
Space
BlockCommentText
Space
BlockCommentEnd
Space
Identifier
LineBreak
Indentation
AttributeListStart
LineBreak
Indentation
BlockCommentStart
Space
BlockCommentText
Space
BlockCommentEnd
LineBreak
LineBreak
Indentation
BlockCommentStart
Space
BlockCommentText
Space
BlockCommentEnd
LineBreak
Indentation
Identifier
Space
ValueAssignmentOperator
Space
Value
LineBreak
Indentation
AttributeListEnd
LineBreak
LineBreak
Indentation
CommentStart
Space
CommentText
LineBreak
Indentation
BlockCommentStart
Space
BlockCommentText
Space
BlockCommentEnd
Space
Identifier
Space
DirectedEdge
Space
BlockCommentStart
Space
BlockCommentText
Space
BlockCommentEnd
Space
Identifier
Space
DirectedEdge
Space
BlockCommentStart
Space
BlockCommentText
Space
BlockCommentEnd
Space
Identifier
LineBreak
Indentation
AttributeListStart
LineBreak
Indentation
BlockCommentStart
Space
BlockCommentText
Space
BlockCommentEnd
LineBreak
LineBreak
Indentation
BlockCommentStart
Space
BlockCommentText
Space
BlockCommentEnd
LineBreak
Indentation
Identifier
Space
ValueAssignmentOperator
Space
Value
LineBreak
Indentation
AttributeListEnd
LineBreak
LineBreak
Indentation
CommentStart
Space
CommentText
LineBreak
Indentation
BlockCommentStart
Space
BlockCommentText
Space
BlockCommentEnd
Space
BlockCommentStart
Space
BlockCommentText
Space
BlockCommentEnd
Space
Identifier
NodeSeparator
Space
BlockCommentStart
Space
BlockCommentText
Space
BlockCommentEnd
Space
QuotationStart
Identifier
QuotationEnd
Space
DirectedEdge
Space
BlockCommentStart
Space
BlockCommentText
Space
BlockCommentEnd
LineBreak
Indentation
BlockStart
LineBreak
Indentation
Identifier
LineBreak
Indentation
Identifier
LineBreak
Indentation
BlockEnd
LineBreak
LineBreak
Indentation
BlockCommentStart
Space
BlockCommentText
Space
BlockCommentEnd
LineBreak
LineBreak
Indentation
BlockCommentStart
Space
BlockCommentText
Space
BlockCommentEnd
LineBreak
LineBreak
Indentation
CommentStart
Space
CommentText
LineBreak
Indentation
BlockStart
LineBreak
Indentation
BlockEnd
LineBreak
LineBreak
Indentation
BlockCommentStart
Space
BlockCommentText
Space
BlockCommentEnd
LineBreak
LineBreak
Indentation
CommentStart
Space
CommentText
LineBreak
Indentation
Keyword
Space
QuotationStart
Identifier
QuotationEnd
LineBreak
Indentation
BlockStart
LineBreak
Indentation
BlockEnd
LineBreak
LineBreak
Indentation
BlockCommentStart
BlockCommentText
Space
BlockCommentEnd
LineBreak
Indentation
BlockEnd
