digraph
{
    subgraph "cluster cluster1" { id = id  "node" [ comment = comment ]  "node" -> "node" [ dir = back ] }
}
