digraph
{
    node1 -> node1
    node2 -> node2 [ lhead = "cluster cluster1" ]
    node3 -> node3 [ lhead = cluster ]
}
