<font></font><font color="red"></font><b>bold<br align="LEFT"/></b><b>bold</b><i>italic<br align="CENTER"/></i><i>italic</i><u>underline<br align="RIGHT"/></u><u>underline</u><o>overline<br align="LEFT"/></o><o>overline</o><sub>subscript<br align="CENTER"/></sub><sub>subscript</sub><sup>superscript<br align="RIGHT"/></sup><sup>superscript</sup><s>strikethrough<br align="LEFT"/></s><s>strikethrough</s>texttext<br align="LEFT"/><br/><br align="CENTER"/>line of text<br/>right-justified line of text<br align="RIGHT"/><font>font</font><font color="red" face="arial" point-size="10">font</font><font>styled text</font><font color="red" face="arial" point-size="10"><b>styled text</b></font><b>bold text</b>normal text<font color="red" face="arial" point-size="10"><b>styled text<br align="LEFT"/></b></font><font color="red" face="arial" point-size="10">font<br align="LEFT"/></font><b>bold text 1<br align="RIGHT"/></b><img scale="FALSE" src="image.png"/><table><tr><td>cell</td></tr></table><hr/><vr/><custom-html></custom-html><custom-element>content</custom-element><custom-void-element attr="5"/><!--comment-->
