digraph
{
    n1 [ style = "bold, dashed, diagonals, invis, radial, rounded" ]
}
