initial1\n2\nleft\lright\rleft\lright\r\G\n\L\n\N\n\E\n\T\n\H
