digraph
{
    bgcolor = gold

    bgcolor = gold
}
