digraph
{
    bgcolor = "gold:darkmagenta"
    style = radial

    bgcolor = "gold:darkmagenta"
    style = radial

    bgcolor = "gold:darkmagenta"
    gradientangle = 10
    style = radial

    bgcolor = "gold:darkmagenta"
    gradientangle = 20
    style = radial
}
