digraph { /* comment */ fontcolor = red  fontname = arial fontsize = 10 }
