digraph { fontcolor = red fontname = arial  /* comment */ fontsize = 10 }
