digraph { node1, "cluster cluster1", cluster -> node2, "cluster cluster2", cluster -> node3:port1 }
