digraph
{
    node1 [ fillcolor = "red:brown", style = filled ]
    node2 [ fillcolor = "red:brown", gradientangle = 45, style = filled ]
}
