digraph
{
    fillcolor = "red:brown"
    style = filled
}
