digraph
{
    node [ fillcolor = "red:brown", style = filled ]
}
