digraph
{
    fillcolor = "red:brown"
    gradientangle = 45
    style = filled
}
