digraph
{
    subgraph cluster
    {
        fillcolor = red
        style = filled
    }
}
