digraph
{
    subgraph cluster
    {
        fillcolor = "red:brown"
        style = radial
    }

    subgraph cluster
    {
        fillcolor = "red:brown"
        gradientangle = 45
        style = radial
    }
}
