digraph
{
    edge [ color = "red:black:green;0.5" ]

    edge [ color = "red:black:green;0.5" ]
}
