digraph
{
    subgraph cluster
    {
        fillcolor = "red:blue"
        style = striped
    }

    subgraph cluster
    {
        fillcolor = "red:blue"
        style = striped
    }
}
