digraph
{
    fillcolor = "red:blue"
    style = striped
}
