digraph
{
    node [ fillcolor = "red:blue", shape = rectangle, style = striped ]
}
