digraph
{
    node [ fillcolor = "red:blue", style = striped ]
}
