digraph
{
    node1 [ fillcolor = "red:blue", style = wedged ]
    node2 [ fillcolor = "red:blue", style = wedged ]
    node3 [ fillcolor = "red:blue", shape = rect, style = wedged ]
    node4 [ fillcolor = "red:blue", shape = rectangle, style = wedged ]
}
