digraph
{
    node1, node2 [ fillcolor = "red:blue", style = wedged ]
    node3, node4 [ fillcolor = "red:blue", style = wedged ]
    node5, node6 [ fillcolor = "red:blue", shape = rect, style = wedged ]
    node7, node8 [ fillcolor = "red:blue", shape = rectangle, style = wedged ]
}
