digraph
{
    node [ fillcolor = "red:blue", style = wedged ]
}
