digraph
{
    node [ fillcolor = "red:blue", shape = rect, style = wedged ]
}
