digraph
{
    subgraph "cluster c1"
    {
        style = "bold, dotted, invis, rounded, striped"
    }
}
